
> evergrow-landscaping-next@0.1.0 build
> next build

Γû▓ Next.js 16.1.3 (Turbopack)

  Creating an optimized production build ...
Γ£ô Compiled successfully in 5.1s
  Running TypeScript ...
node.exe : Failed to compile.
At line:1 char:1
+ & "C:\Program Files\nodejs/node.exe" 
"C:\Program Files\nodejs/node_mo ...
+ ~~~~~~~~~~~~~~~~~~~~~~~~~~~~~~~~~~~~~~~~~~~
~~~~~~~~~~~~~~~~~~~~~~~~~~
    + CategoryInfo          : NotSpecified:  
   (Failed to compile.:String) [], RemoteEx  
  ception
    + FullyQualifiedErrorId : NativeCommandE 
   rror
 

./contexts/AuthContext.tsx:64:29
Type error: 'data' is of type 'unknown'.

[0m [90m 62 |[39m
 [90m 63 |[39m         [36mif[39m 
([33m![39mresponse[33m.[39mok) {
[31m[1m>[22m[39m[90m 64 |[39m          
   [36mthrow[39m [36mnew[39m 
[33mError[39m(data[33m.[39merror 
[33m||[39m [32m'Login failed'[39m)
 [90m    |[39m                             
[31m[1m^[22m[39m
 [90m 65 |[39m         }
 [90m 66 |[39m
 [90m 67 |[39m         localStorage[33m.[
39msetItem([32m'auth_token'[39m[33m,[39m 
data[33m.[39mtoken)[0m
Next.js build worker exited with code: 1 and 
signal: null
